// Vitest Snapshot v1, https://vitest.dev/guide/snapshot.html

exports[`CliPrisma > patchPrismaSchema() > should patch the schema 1`] = `
"datasource db {
  provider = "sqlite"
  url      = env("DATABASE_URL")
}

generator client {
  provider = "prisma-client-js"
}

generator tsed {
  provider = "tsed-prisma"
}

model User {
  id    Int     @default(autoincrement()) @id
  email String  @unique
  name  String?
}
"
`;
